// Bun Snapshot v1, https://goo.gl/fbAQLP

exports[`parse all examples empty.redcode - snapshot 1`] = `
[
  {
    "comment": null,
    "instruction": null,
  },
]
`;

exports[`parse all examples empty.redcode - run 1`] = `0`;

exports[`parse all examples empty.redcode - run 2`] = `
[
  {
    "instruction": {
      "args": [
        {
          "mmode": "$",
          "value": 0,
        },
        {
          "mmode": "$",
          "value": 0,
        },
      ],
      "modifier": "F",
      "opcode": "DAT",
    },
    "pc": 0,
  },
]
`;

exports[`parse all examples empty.redcode - run 3`] = `
[
  {
    "args": [
      {
        "mmode": "$",
        "value": 0,
      },
      {
        "mmode": "$",
        "value": 0,
      },
    ],
    "modifier": "F",
    "opcode": "DAT",
  },
  {
    "args": [
      {
        "mmode": "$",
        "value": 0,
      },
      {
        "mmode": "$",
        "value": 0,
      },
    ],
    "modifier": "F",
    "opcode": "DAT",
  },
  {
    "args": [
      {
        "mmode": "$",
        "value": 0,
      },
      {
        "mmode": "$",
        "value": 0,
      },
    ],
    "modifier": "F",
    "opcode": "DAT",
  },
  {
    "args": [
      {
        "mmode": "$",
        "value": 0,
      },
      {
        "mmode": "$",
        "value": 0,
      },
    ],
    "modifier": "F",
    "opcode": "DAT",
  },
  {
    "args": [
      {
        "mmode": "$",
        "value": 0,
      },
      {
        "mmode": "$",
        "value": 0,
      },
    ],
    "modifier": "F",
    "opcode": "DAT",
  },
  {
    "args": [
      {
        "mmode": "$",
        "value": 0,
      },
      {
        "mmode": "$",
        "value": 0,
      },
    ],
    "modifier": "F",
    "opcode": "DAT",
  },
  {
    "args": [
      {
        "mmode": "$",
        "value": 0,
      },
      {
        "mmode": "$",
        "value": 0,
      },
    ],
    "modifier": "F",
    "opcode": "DAT",
  },
  {
    "args": [
      {
        "mmode": "$",
        "value": 0,
      },
      {
        "mmode": "$",
        "value": 0,
      },
    ],
    "modifier": "F",
    "opcode": "DAT",
  },
  {
    "args": [
      {
        "mmode": "$",
        "value": 0,
      },
      {
        "mmode": "$",
        "value": 0,
      },
    ],
    "modifier": "F",
    "opcode": "DAT",
  },
  {
    "args": [
      {
        "mmode": "$",
        "value": 0,
      },
      {
        "mmode": "$",
        "value": 0,
      },
    ],
    "modifier": "F",
    "opcode": "DAT",
  },
  {
    "args": [
      {
        "mmode": "$",
        "value": 0,
      },
      {
        "mmode": "$",
        "value": 0,
      },
    ],
    "modifier": "F",
    "opcode": "DAT",
  },
  {
    "args": [
      {
        "mmode": "$",
        "value": 0,
      },
      {
        "mmode": "$",
        "value": 0,
      },
    ],
    "modifier": "F",
    "opcode": "DAT",
  },
  {
    "args": [
      {
        "mmode": "$",
        "value": 0,
      },
      {
        "mmode": "$",
        "value": 0,
      },
    ],
    "modifier": "F",
    "opcode": "DAT",
  },
  {
    "args": [
      {
        "mmode": "$",
        "value": 0,
      },
      {
        "mmode": "$",
        "value": 0,
      },
    ],
    "modifier": "F",
    "opcode": "DAT",
  },
  {
    "args": [
      {
        "mmode": "$",
        "value": 0,
      },
      {
        "mmode": "$",
        "value": 0,
      },
    ],
    "modifier": "F",
    "opcode": "DAT",
  },
  {
    "args": [
      {
        "mmode": "$",
        "value": 0,
      },
      {
        "mmode": "$",
        "value": 0,
      },
    ],
    "modifier": "F",
    "opcode": "DAT",
  },
  {
    "args": [
      {
        "mmode": "$",
        "value": 0,
      },
      {
        "mmode": "$",
        "value": 0,
      },
    ],
    "modifier": "F",
    "opcode": "DAT",
  },
  {
    "args": [
      {
        "mmode": "$",
        "value": 0,
      },
      {
        "mmode": "$",
        "value": 0,
      },
    ],
    "modifier": "F",
    "opcode": "DAT",
  },
  {
    "args": [
      {
        "mmode": "$",
        "value": 0,
      },
      {
        "mmode": "$",
        "value": 0,
      },
    ],
    "modifier": "F",
    "opcode": "DAT",
  },
  {
    "args": [
      {
        "mmode": "$",
        "value": 0,
      },
      {
        "mmode": "$",
        "value": 0,
      },
    ],
    "modifier": "F",
    "opcode": "DAT",
  },
  {
    "args": [
      {
        "mmode": "$",
        "value": 0,
      },
      {
        "mmode": "$",
        "value": 0,
      },
    ],
    "modifier": "F",
    "opcode": "DAT",
  },
  {
    "args": [
      {
        "mmode": "$",
        "value": 0,
      },
      {
        "mmode": "$",
        "value": 0,
      },
    ],
    "modifier": "F",
    "opcode": "DAT",
  },
  {
    "args": [
      {
        "mmode": "$",
        "value": 0,
      },
      {
        "mmode": "$",
        "value": 0,
      },
    ],
    "modifier": "F",
    "opcode": "DAT",
  },
  {
    "args": [
      {
        "mmode": "$",
        "value": 0,
      },
      {
        "mmode": "$",
        "value": 0,
      },
    ],
    "modifier": "F",
    "opcode": "DAT",
  },
  {
    "args": [
      {
        "mmode": "$",
        "value": 0,
      },
      {
        "mmode": "$",
        "value": 0,
      },
    ],
    "modifier": "F",
    "opcode": "DAT",
  },
  {
    "args": [
      {
        "mmode": "$",
        "value": 0,
      },
      {
        "mmode": "$",
        "value": 0,
      },
    ],
    "modifier": "F",
    "opcode": "DAT",
  },
  {
    "args": [
      {
        "mmode": "$",
        "value": 0,
      },
      {
        "mmode": "$",
        "value": 0,
      },
    ],
    "modifier": "F",
    "opcode": "DAT",
  },
  {
    "args": [
      {
        "mmode": "$",
        "value": 0,
      },
      {
        "mmode": "$",
        "value": 0,
      },
    ],
    "modifier": "F",
    "opcode": "DAT",
  },
  {
    "args": [
      {
        "mmode": "$",
        "value": 0,
      },
      {
        "mmode": "$",
        "value": 0,
      },
    ],
    "modifier": "F",
    "opcode": "DAT",
  },
  {
    "args": [
      {
        "mmode": "$",
        "value": 0,
      },
      {
        "mmode": "$",
        "value": 0,
      },
    ],
    "modifier": "F",
    "opcode": "DAT",
  },
  {
    "args": [
      {
        "mmode": "$",
        "value": 0,
      },
      {
        "mmode": "$",
        "value": 0,
      },
    ],
    "modifier": "F",
    "opcode": "DAT",
  },
  {
    "args": [
      {
        "mmode": "$",
        "value": 0,
      },
      {
        "mmode": "$",
        "value": 0,
      },
    ],
    "modifier": "F",
    "opcode": "DAT",
  },
  {
    "args": [
      {
        "mmode": "$",
        "value": 0,
      },
      {
        "mmode": "$",
        "value": 0,
      },
    ],
    "modifier": "F",
    "opcode": "DAT",
  },
  {
    "args": [
      {
        "mmode": "$",
        "value": 0,
      },
      {
        "mmode": "$",
        "value": 0,
      },
    ],
    "modifier": "F",
    "opcode": "DAT",
  },
  {
    "args": [
      {
        "mmode": "$",
        "value": 0,
      },
      {
        "mmode": "$",
        "value": 0,
      },
    ],
    "modifier": "F",
    "opcode": "DAT",
  },
  {
    "args": [
      {
        "mmode": "$",
        "value": 0,
      },
      {
        "mmode": "$",
        "value": 0,
      },
    ],
    "modifier": "F",
    "opcode": "DAT",
  },
  {
    "args": [
      {
        "mmode": "$",
        "value": 0,
      },
      {
        "mmode": "$",
        "value": 0,
      },
    ],
    "modifier": "F",
    "opcode": "DAT",
  },
  {
    "args": [
      {
        "mmode": "$",
        "value": 0,
      },
      {
        "mmode": "$",
        "value": 0,
      },
    ],
    "modifier": "F",
    "opcode": "DAT",
  },
  {
    "args": [
      {
        "mmode": "$",
        "value": 0,
      },
      {
        "mmode": "$",
        "value": 0,
      },
    ],
    "modifier": "F",
    "opcode": "DAT",
  },
  {
    "args": [
      {
        "mmode": "$",
        "value": 0,
      },
      {
        "mmode": "$",
        "value": 0,
      },
    ],
    "modifier": "F",
    "opcode": "DAT",
  },
]
`;

exports[`parse all examples comment.redcode - snapshot 1`] = `
[
  {
    "comment": " just comment",
    "instruction": null,
  },
]
`;

exports[`parse all examples comment.redcode - run 1`] = `0`;

exports[`parse all examples comment.redcode - run 2`] = `
[
  {
    "instruction": {
      "args": [
        {
          "mmode": "$",
          "value": 0,
        },
        {
          "mmode": "$",
          "value": 0,
        },
      ],
      "modifier": "F",
      "opcode": "DAT",
    },
    "pc": 0,
  },
]
`;

exports[`parse all examples comment.redcode - run 3`] = `
[
  {
    "args": [
      {
        "mmode": "$",
        "value": 0,
      },
      {
        "mmode": "$",
        "value": 0,
      },
    ],
    "modifier": "F",
    "opcode": "DAT",
  },
  {
    "args": [
      {
        "mmode": "$",
        "value": 0,
      },
      {
        "mmode": "$",
        "value": 0,
      },
    ],
    "modifier": "F",
    "opcode": "DAT",
  },
  {
    "args": [
      {
        "mmode": "$",
        "value": 0,
      },
      {
        "mmode": "$",
        "value": 0,
      },
    ],
    "modifier": "F",
    "opcode": "DAT",
  },
  {
    "args": [
      {
        "mmode": "$",
        "value": 0,
      },
      {
        "mmode": "$",
        "value": 0,
      },
    ],
    "modifier": "F",
    "opcode": "DAT",
  },
  {
    "args": [
      {
        "mmode": "$",
        "value": 0,
      },
      {
        "mmode": "$",
        "value": 0,
      },
    ],
    "modifier": "F",
    "opcode": "DAT",
  },
  {
    "args": [
      {
        "mmode": "$",
        "value": 0,
      },
      {
        "mmode": "$",
        "value": 0,
      },
    ],
    "modifier": "F",
    "opcode": "DAT",
  },
  {
    "args": [
      {
        "mmode": "$",
        "value": 0,
      },
      {
        "mmode": "$",
        "value": 0,
      },
    ],
    "modifier": "F",
    "opcode": "DAT",
  },
  {
    "args": [
      {
        "mmode": "$",
        "value": 0,
      },
      {
        "mmode": "$",
        "value": 0,
      },
    ],
    "modifier": "F",
    "opcode": "DAT",
  },
  {
    "args": [
      {
        "mmode": "$",
        "value": 0,
      },
      {
        "mmode": "$",
        "value": 0,
      },
    ],
    "modifier": "F",
    "opcode": "DAT",
  },
  {
    "args": [
      {
        "mmode": "$",
        "value": 0,
      },
      {
        "mmode": "$",
        "value": 0,
      },
    ],
    "modifier": "F",
    "opcode": "DAT",
  },
  {
    "args": [
      {
        "mmode": "$",
        "value": 0,
      },
      {
        "mmode": "$",
        "value": 0,
      },
    ],
    "modifier": "F",
    "opcode": "DAT",
  },
  {
    "args": [
      {
        "mmode": "$",
        "value": 0,
      },
      {
        "mmode": "$",
        "value": 0,
      },
    ],
    "modifier": "F",
    "opcode": "DAT",
  },
  {
    "args": [
      {
        "mmode": "$",
        "value": 0,
      },
      {
        "mmode": "$",
        "value": 0,
      },
    ],
    "modifier": "F",
    "opcode": "DAT",
  },
  {
    "args": [
      {
        "mmode": "$",
        "value": 0,
      },
      {
        "mmode": "$",
        "value": 0,
      },
    ],
    "modifier": "F",
    "opcode": "DAT",
  },
  {
    "args": [
      {
        "mmode": "$",
        "value": 0,
      },
      {
        "mmode": "$",
        "value": 0,
      },
    ],
    "modifier": "F",
    "opcode": "DAT",
  },
  {
    "args": [
      {
        "mmode": "$",
        "value": 0,
      },
      {
        "mmode": "$",
        "value": 0,
      },
    ],
    "modifier": "F",
    "opcode": "DAT",
  },
  {
    "args": [
      {
        "mmode": "$",
        "value": 0,
      },
      {
        "mmode": "$",
        "value": 0,
      },
    ],
    "modifier": "F",
    "opcode": "DAT",
  },
  {
    "args": [
      {
        "mmode": "$",
        "value": 0,
      },
      {
        "mmode": "$",
        "value": 0,
      },
    ],
    "modifier": "F",
    "opcode": "DAT",
  },
  {
    "args": [
      {
        "mmode": "$",
        "value": 0,
      },
      {
        "mmode": "$",
        "value": 0,
      },
    ],
    "modifier": "F",
    "opcode": "DAT",
  },
  {
    "args": [
      {
        "mmode": "$",
        "value": 0,
      },
      {
        "mmode": "$",
        "value": 0,
      },
    ],
    "modifier": "F",
    "opcode": "DAT",
  },
  {
    "args": [
      {
        "mmode": "$",
        "value": 0,
      },
      {
        "mmode": "$",
        "value": 0,
      },
    ],
    "modifier": "F",
    "opcode": "DAT",
  },
  {
    "args": [
      {
        "mmode": "$",
        "value": 0,
      },
      {
        "mmode": "$",
        "value": 0,
      },
    ],
    "modifier": "F",
    "opcode": "DAT",
  },
  {
    "args": [
      {
        "mmode": "$",
        "value": 0,
      },
      {
        "mmode": "$",
        "value": 0,
      },
    ],
    "modifier": "F",
    "opcode": "DAT",
  },
  {
    "args": [
      {
        "mmode": "$",
        "value": 0,
      },
      {
        "mmode": "$",
        "value": 0,
      },
    ],
    "modifier": "F",
    "opcode": "DAT",
  },
  {
    "args": [
      {
        "mmode": "$",
        "value": 0,
      },
      {
        "mmode": "$",
        "value": 0,
      },
    ],
    "modifier": "F",
    "opcode": "DAT",
  },
  {
    "args": [
      {
        "mmode": "$",
        "value": 0,
      },
      {
        "mmode": "$",
        "value": 0,
      },
    ],
    "modifier": "F",
    "opcode": "DAT",
  },
  {
    "args": [
      {
        "mmode": "$",
        "value": 0,
      },
      {
        "mmode": "$",
        "value": 0,
      },
    ],
    "modifier": "F",
    "opcode": "DAT",
  },
  {
    "args": [
      {
        "mmode": "$",
        "value": 0,
      },
      {
        "mmode": "$",
        "value": 0,
      },
    ],
    "modifier": "F",
    "opcode": "DAT",
  },
  {
    "args": [
      {
        "mmode": "$",
        "value": 0,
      },
      {
        "mmode": "$",
        "value": 0,
      },
    ],
    "modifier": "F",
    "opcode": "DAT",
  },
  {
    "args": [
      {
        "mmode": "$",
        "value": 0,
      },
      {
        "mmode": "$",
        "value": 0,
      },
    ],
    "modifier": "F",
    "opcode": "DAT",
  },
  {
    "args": [
      {
        "mmode": "$",
        "value": 0,
      },
      {
        "mmode": "$",
        "value": 0,
      },
    ],
    "modifier": "F",
    "opcode": "DAT",
  },
  {
    "args": [
      {
        "mmode": "$",
        "value": 0,
      },
      {
        "mmode": "$",
        "value": 0,
      },
    ],
    "modifier": "F",
    "opcode": "DAT",
  },
  {
    "args": [
      {
        "mmode": "$",
        "value": 0,
      },
      {
        "mmode": "$",
        "value": 0,
      },
    ],
    "modifier": "F",
    "opcode": "DAT",
  },
  {
    "args": [
      {
        "mmode": "$",
        "value": 0,
      },
      {
        "mmode": "$",
        "value": 0,
      },
    ],
    "modifier": "F",
    "opcode": "DAT",
  },
  {
    "args": [
      {
        "mmode": "$",
        "value": 0,
      },
      {
        "mmode": "$",
        "value": 0,
      },
    ],
    "modifier": "F",
    "opcode": "DAT",
  },
  {
    "args": [
      {
        "mmode": "$",
        "value": 0,
      },
      {
        "mmode": "$",
        "value": 0,
      },
    ],
    "modifier": "F",
    "opcode": "DAT",
  },
  {
    "args": [
      {
        "mmode": "$",
        "value": 0,
      },
      {
        "mmode": "$",
        "value": 0,
      },
    ],
    "modifier": "F",
    "opcode": "DAT",
  },
  {
    "args": [
      {
        "mmode": "$",
        "value": 0,
      },
      {
        "mmode": "$",
        "value": 0,
      },
    ],
    "modifier": "F",
    "opcode": "DAT",
  },
  {
    "args": [
      {
        "mmode": "$",
        "value": 0,
      },
      {
        "mmode": "$",
        "value": 0,
      },
    ],
    "modifier": "F",
    "opcode": "DAT",
  },
  {
    "args": [
      {
        "mmode": "$",
        "value": 0,
      },
      {
        "mmode": "$",
        "value": 0,
      },
    ],
    "modifier": "F",
    "opcode": "DAT",
  },
]
`;

exports[`parse all examples dat.redcode - snapshot 1`] = `
[
  {
    "comment": null,
    "instruction": {
      "args": null,
      "modifier": null,
      "opcode": "DAT",
    },
  },
  {
    "comment": null,
    "instruction": {
      "args": [
        {
          "mmode": null,
          "value": 1,
        },
        {
          "mmode": null,
          "value": 1,
        },
      ],
      "modifier": null,
      "opcode": "JMP",
    },
  },
]
`;

exports[`parse all examples dat.redcode - run 1`] = `0`;

exports[`parse all examples dat.redcode - run 2`] = `
[
  {
    "instruction": {
      "args": [
        {
          "mmode": "$",
          "value": 0,
        },
        {
          "mmode": "$",
          "value": 0,
        },
      ],
      "modifier": "F",
      "opcode": "DAT",
    },
    "pc": 0,
  },
]
`;

exports[`parse all examples dat.redcode - run 3`] = `
[
  {
    "args": [
      {
        "mmode": "$",
        "value": 0,
      },
      {
        "mmode": "$",
        "value": 0,
      },
    ],
    "modifier": "F",
    "opcode": "DAT",
  },
  {
    "args": [
      {
        "mmode": "$",
        "value": 1,
      },
      {
        "mmode": "$",
        "value": 1,
      },
    ],
    "modifier": "B",
    "opcode": "JMP",
  },
  {
    "args": [
      {
        "mmode": "$",
        "value": 0,
      },
      {
        "mmode": "$",
        "value": 0,
      },
    ],
    "modifier": "F",
    "opcode": "DAT",
  },
  {
    "args": [
      {
        "mmode": "$",
        "value": 0,
      },
      {
        "mmode": "$",
        "value": 0,
      },
    ],
    "modifier": "F",
    "opcode": "DAT",
  },
  {
    "args": [
      {
        "mmode": "$",
        "value": 0,
      },
      {
        "mmode": "$",
        "value": 0,
      },
    ],
    "modifier": "F",
    "opcode": "DAT",
  },
  {
    "args": [
      {
        "mmode": "$",
        "value": 0,
      },
      {
        "mmode": "$",
        "value": 0,
      },
    ],
    "modifier": "F",
    "opcode": "DAT",
  },
  {
    "args": [
      {
        "mmode": "$",
        "value": 0,
      },
      {
        "mmode": "$",
        "value": 0,
      },
    ],
    "modifier": "F",
    "opcode": "DAT",
  },
  {
    "args": [
      {
        "mmode": "$",
        "value": 0,
      },
      {
        "mmode": "$",
        "value": 0,
      },
    ],
    "modifier": "F",
    "opcode": "DAT",
  },
  {
    "args": [
      {
        "mmode": "$",
        "value": 0,
      },
      {
        "mmode": "$",
        "value": 0,
      },
    ],
    "modifier": "F",
    "opcode": "DAT",
  },
  {
    "args": [
      {
        "mmode": "$",
        "value": 0,
      },
      {
        "mmode": "$",
        "value": 0,
      },
    ],
    "modifier": "F",
    "opcode": "DAT",
  },
  {
    "args": [
      {
        "mmode": "$",
        "value": 0,
      },
      {
        "mmode": "$",
        "value": 0,
      },
    ],
    "modifier": "F",
    "opcode": "DAT",
  },
  {
    "args": [
      {
        "mmode": "$",
        "value": 0,
      },
      {
        "mmode": "$",
        "value": 0,
      },
    ],
    "modifier": "F",
    "opcode": "DAT",
  },
  {
    "args": [
      {
        "mmode": "$",
        "value": 0,
      },
      {
        "mmode": "$",
        "value": 0,
      },
    ],
    "modifier": "F",
    "opcode": "DAT",
  },
  {
    "args": [
      {
        "mmode": "$",
        "value": 0,
      },
      {
        "mmode": "$",
        "value": 0,
      },
    ],
    "modifier": "F",
    "opcode": "DAT",
  },
  {
    "args": [
      {
        "mmode": "$",
        "value": 0,
      },
      {
        "mmode": "$",
        "value": 0,
      },
    ],
    "modifier": "F",
    "opcode": "DAT",
  },
  {
    "args": [
      {
        "mmode": "$",
        "value": 0,
      },
      {
        "mmode": "$",
        "value": 0,
      },
    ],
    "modifier": "F",
    "opcode": "DAT",
  },
  {
    "args": [
      {
        "mmode": "$",
        "value": 0,
      },
      {
        "mmode": "$",
        "value": 0,
      },
    ],
    "modifier": "F",
    "opcode": "DAT",
  },
  {
    "args": [
      {
        "mmode": "$",
        "value": 0,
      },
      {
        "mmode": "$",
        "value": 0,
      },
    ],
    "modifier": "F",
    "opcode": "DAT",
  },
  {
    "args": [
      {
        "mmode": "$",
        "value": 0,
      },
      {
        "mmode": "$",
        "value": 0,
      },
    ],
    "modifier": "F",
    "opcode": "DAT",
  },
  {
    "args": [
      {
        "mmode": "$",
        "value": 0,
      },
      {
        "mmode": "$",
        "value": 0,
      },
    ],
    "modifier": "F",
    "opcode": "DAT",
  },
  {
    "args": [
      {
        "mmode": "$",
        "value": 0,
      },
      {
        "mmode": "$",
        "value": 0,
      },
    ],
    "modifier": "F",
    "opcode": "DAT",
  },
  {
    "args": [
      {
        "mmode": "$",
        "value": 0,
      },
      {
        "mmode": "$",
        "value": 0,
      },
    ],
    "modifier": "F",
    "opcode": "DAT",
  },
  {
    "args": [
      {
        "mmode": "$",
        "value": 0,
      },
      {
        "mmode": "$",
        "value": 0,
      },
    ],
    "modifier": "F",
    "opcode": "DAT",
  },
  {
    "args": [
      {
        "mmode": "$",
        "value": 0,
      },
      {
        "mmode": "$",
        "value": 0,
      },
    ],
    "modifier": "F",
    "opcode": "DAT",
  },
  {
    "args": [
      {
        "mmode": "$",
        "value": 0,
      },
      {
        "mmode": "$",
        "value": 0,
      },
    ],
    "modifier": "F",
    "opcode": "DAT",
  },
  {
    "args": [
      {
        "mmode": "$",
        "value": 0,
      },
      {
        "mmode": "$",
        "value": 0,
      },
    ],
    "modifier": "F",
    "opcode": "DAT",
  },
  {
    "args": [
      {
        "mmode": "$",
        "value": 0,
      },
      {
        "mmode": "$",
        "value": 0,
      },
    ],
    "modifier": "F",
    "opcode": "DAT",
  },
  {
    "args": [
      {
        "mmode": "$",
        "value": 0,
      },
      {
        "mmode": "$",
        "value": 0,
      },
    ],
    "modifier": "F",
    "opcode": "DAT",
  },
  {
    "args": [
      {
        "mmode": "$",
        "value": 0,
      },
      {
        "mmode": "$",
        "value": 0,
      },
    ],
    "modifier": "F",
    "opcode": "DAT",
  },
  {
    "args": [
      {
        "mmode": "$",
        "value": 0,
      },
      {
        "mmode": "$",
        "value": 0,
      },
    ],
    "modifier": "F",
    "opcode": "DAT",
  },
  {
    "args": [
      {
        "mmode": "$",
        "value": 0,
      },
      {
        "mmode": "$",
        "value": 0,
      },
    ],
    "modifier": "F",
    "opcode": "DAT",
  },
  {
    "args": [
      {
        "mmode": "$",
        "value": 0,
      },
      {
        "mmode": "$",
        "value": 0,
      },
    ],
    "modifier": "F",
    "opcode": "DAT",
  },
  {
    "args": [
      {
        "mmode": "$",
        "value": 0,
      },
      {
        "mmode": "$",
        "value": 0,
      },
    ],
    "modifier": "F",
    "opcode": "DAT",
  },
  {
    "args": [
      {
        "mmode": "$",
        "value": 0,
      },
      {
        "mmode": "$",
        "value": 0,
      },
    ],
    "modifier": "F",
    "opcode": "DAT",
  },
  {
    "args": [
      {
        "mmode": "$",
        "value": 0,
      },
      {
        "mmode": "$",
        "value": 0,
      },
    ],
    "modifier": "F",
    "opcode": "DAT",
  },
  {
    "args": [
      {
        "mmode": "$",
        "value": 0,
      },
      {
        "mmode": "$",
        "value": 0,
      },
    ],
    "modifier": "F",
    "opcode": "DAT",
  },
  {
    "args": [
      {
        "mmode": "$",
        "value": 0,
      },
      {
        "mmode": "$",
        "value": 0,
      },
    ],
    "modifier": "F",
    "opcode": "DAT",
  },
  {
    "args": [
      {
        "mmode": "$",
        "value": 0,
      },
      {
        "mmode": "$",
        "value": 0,
      },
    ],
    "modifier": "F",
    "opcode": "DAT",
  },
  {
    "args": [
      {
        "mmode": "$",
        "value": 0,
      },
      {
        "mmode": "$",
        "value": 0,
      },
    ],
    "modifier": "F",
    "opcode": "DAT",
  },
  {
    "args": [
      {
        "mmode": "$",
        "value": 0,
      },
      {
        "mmode": "$",
        "value": 0,
      },
    ],
    "modifier": "F",
    "opcode": "DAT",
  },
]
`;

exports[`parse all examples long.redcode - snapshot 1`] = `
[
  {
    "comment": null,
    "instruction": {
      "args": [
        {
          "mmode": null,
          "value": 0,
        },
        {
          "mmode": null,
          "value": 0,
        },
      ],
      "modifier": null,
      "opcode": "DAT",
    },
  },
  {
    "comment": " this inst kills current process",
    "instruction": {
      "args": null,
      "modifier": null,
      "opcode": "DAT",
    },
  },
  {
    "comment": null,
    "instruction": {
      "args": [
        {
          "mmode": "$",
          "value": 1,
        },
        {
          "mmode": "}",
          "value": 0,
        },
      ],
      "modifier": "X",
      "opcode": "MOV",
    },
  },
  {
    "comment": " comment text",
    "instruction": null,
  },
  {
    "comment": null,
    "instruction": {
      "args": null,
      "modifier": null,
      "opcode": "MOV",
    },
  },
  {
    "comment": null,
    "instruction": null,
  },
  {
    "comment": null,
    "instruction": {
      "args": [
        {
          "mmode": "#",
          "value": 4,
        },
        {
          "mmode": null,
          "value": 3,
        },
      ],
      "modifier": null,
      "opcode": "ADD",
    },
  },
  {
    "comment": null,
    "instruction": {
      "args": [
        {
          "mmode": null,
          "value": 2,
        },
        {
          "mmode": "@",
          "value": 2,
        },
      ],
      "modifier": null,
      "opcode": "MOV",
    },
  },
  {
    "comment": null,
    "instruction": {
      "args": [
        {
          "mmode": null,
          "value": -2,
        },
        null,
      ],
      "modifier": null,
      "opcode": "JMP",
    },
  },
  {
    "comment": null,
    "instruction": {
      "args": [
        {
          "mmode": "#",
          "value": 0,
        },
        {
          "mmode": "#",
          "value": 0,
        },
      ],
      "modifier": null,
      "opcode": "DAT",
    },
  },
]
`;

exports[`parse all examples long.redcode - run 1`] = `0`;

exports[`parse all examples long.redcode - run 2`] = `
[
  {
    "instruction": {
      "args": [
        {
          "mmode": "$",
          "value": 0,
        },
        {
          "mmode": "$",
          "value": 0,
        },
      ],
      "modifier": "F",
      "opcode": "DAT",
    },
    "pc": 0,
  },
]
`;

exports[`parse all examples long.redcode - run 3`] = `
[
  {
    "args": [
      {
        "mmode": "$",
        "value": 0,
      },
      {
        "mmode": "$",
        "value": 0,
      },
    ],
    "modifier": "F",
    "opcode": "DAT",
  },
  {
    "args": [
      {
        "mmode": "$",
        "value": 0,
      },
      {
        "mmode": "$",
        "value": 0,
      },
    ],
    "modifier": "F",
    "opcode": "DAT",
  },
  {
    "args": [
      {
        "mmode": "$",
        "value": 1,
      },
      {
        "mmode": "}",
        "value": 0,
      },
    ],
    "modifier": "I",
    "opcode": "MOV",
  },
  {
    "args": [
      {
        "mmode": "$",
        "value": 0,
      },
      {
        "mmode": "$",
        "value": 0,
      },
    ],
    "modifier": "I",
    "opcode": "MOV",
  },
  {
    "args": [
      {
        "mmode": "#",
        "value": 4,
      },
      {
        "mmode": "$",
        "value": 3,
      },
    ],
    "modifier": "AB",
    "opcode": "ADD",
  },
  {
    "args": [
      {
        "mmode": "$",
        "value": 2,
      },
      {
        "mmode": "@",
        "value": 2,
      },
    ],
    "modifier": "I",
    "opcode": "MOV",
  },
  {
    "args": [
      {
        "mmode": "$",
        "value": -2,
      },
      {
        "mmode": "$",
        "value": 0,
      },
    ],
    "modifier": "B",
    "opcode": "JMP",
  },
  {
    "args": [
      {
        "mmode": "#",
        "value": 0,
      },
      {
        "mmode": "#",
        "value": 0,
      },
    ],
    "modifier": "F",
    "opcode": "DAT",
  },
  {
    "args": [
      {
        "mmode": "$",
        "value": 0,
      },
      {
        "mmode": "$",
        "value": 0,
      },
    ],
    "modifier": "F",
    "opcode": "DAT",
  },
  {
    "args": [
      {
        "mmode": "$",
        "value": 0,
      },
      {
        "mmode": "$",
        "value": 0,
      },
    ],
    "modifier": "F",
    "opcode": "DAT",
  },
  {
    "args": [
      {
        "mmode": "$",
        "value": 0,
      },
      {
        "mmode": "$",
        "value": 0,
      },
    ],
    "modifier": "F",
    "opcode": "DAT",
  },
  {
    "args": [
      {
        "mmode": "$",
        "value": 0,
      },
      {
        "mmode": "$",
        "value": 0,
      },
    ],
    "modifier": "F",
    "opcode": "DAT",
  },
  {
    "args": [
      {
        "mmode": "$",
        "value": 0,
      },
      {
        "mmode": "$",
        "value": 0,
      },
    ],
    "modifier": "F",
    "opcode": "DAT",
  },
  {
    "args": [
      {
        "mmode": "$",
        "value": 0,
      },
      {
        "mmode": "$",
        "value": 0,
      },
    ],
    "modifier": "F",
    "opcode": "DAT",
  },
  {
    "args": [
      {
        "mmode": "$",
        "value": 0,
      },
      {
        "mmode": "$",
        "value": 0,
      },
    ],
    "modifier": "F",
    "opcode": "DAT",
  },
  {
    "args": [
      {
        "mmode": "$",
        "value": 0,
      },
      {
        "mmode": "$",
        "value": 0,
      },
    ],
    "modifier": "F",
    "opcode": "DAT",
  },
  {
    "args": [
      {
        "mmode": "$",
        "value": 0,
      },
      {
        "mmode": "$",
        "value": 0,
      },
    ],
    "modifier": "F",
    "opcode": "DAT",
  },
  {
    "args": [
      {
        "mmode": "$",
        "value": 0,
      },
      {
        "mmode": "$",
        "value": 0,
      },
    ],
    "modifier": "F",
    "opcode": "DAT",
  },
  {
    "args": [
      {
        "mmode": "$",
        "value": 0,
      },
      {
        "mmode": "$",
        "value": 0,
      },
    ],
    "modifier": "F",
    "opcode": "DAT",
  },
  {
    "args": [
      {
        "mmode": "$",
        "value": 0,
      },
      {
        "mmode": "$",
        "value": 0,
      },
    ],
    "modifier": "F",
    "opcode": "DAT",
  },
  {
    "args": [
      {
        "mmode": "$",
        "value": 0,
      },
      {
        "mmode": "$",
        "value": 0,
      },
    ],
    "modifier": "F",
    "opcode": "DAT",
  },
  {
    "args": [
      {
        "mmode": "$",
        "value": 0,
      },
      {
        "mmode": "$",
        "value": 0,
      },
    ],
    "modifier": "F",
    "opcode": "DAT",
  },
  {
    "args": [
      {
        "mmode": "$",
        "value": 0,
      },
      {
        "mmode": "$",
        "value": 0,
      },
    ],
    "modifier": "F",
    "opcode": "DAT",
  },
  {
    "args": [
      {
        "mmode": "$",
        "value": 0,
      },
      {
        "mmode": "$",
        "value": 0,
      },
    ],
    "modifier": "F",
    "opcode": "DAT",
  },
  {
    "args": [
      {
        "mmode": "$",
        "value": 0,
      },
      {
        "mmode": "$",
        "value": 0,
      },
    ],
    "modifier": "F",
    "opcode": "DAT",
  },
  {
    "args": [
      {
        "mmode": "$",
        "value": 0,
      },
      {
        "mmode": "$",
        "value": 0,
      },
    ],
    "modifier": "F",
    "opcode": "DAT",
  },
  {
    "args": [
      {
        "mmode": "$",
        "value": 0,
      },
      {
        "mmode": "$",
        "value": 0,
      },
    ],
    "modifier": "F",
    "opcode": "DAT",
  },
  {
    "args": [
      {
        "mmode": "$",
        "value": 0,
      },
      {
        "mmode": "$",
        "value": 0,
      },
    ],
    "modifier": "F",
    "opcode": "DAT",
  },
  {
    "args": [
      {
        "mmode": "$",
        "value": 0,
      },
      {
        "mmode": "$",
        "value": 0,
      },
    ],
    "modifier": "F",
    "opcode": "DAT",
  },
  {
    "args": [
      {
        "mmode": "$",
        "value": 0,
      },
      {
        "mmode": "$",
        "value": 0,
      },
    ],
    "modifier": "F",
    "opcode": "DAT",
  },
  {
    "args": [
      {
        "mmode": "$",
        "value": 0,
      },
      {
        "mmode": "$",
        "value": 0,
      },
    ],
    "modifier": "F",
    "opcode": "DAT",
  },
  {
    "args": [
      {
        "mmode": "$",
        "value": 0,
      },
      {
        "mmode": "$",
        "value": 0,
      },
    ],
    "modifier": "F",
    "opcode": "DAT",
  },
  {
    "args": [
      {
        "mmode": "$",
        "value": 0,
      },
      {
        "mmode": "$",
        "value": 0,
      },
    ],
    "modifier": "F",
    "opcode": "DAT",
  },
  {
    "args": [
      {
        "mmode": "$",
        "value": 0,
      },
      {
        "mmode": "$",
        "value": 0,
      },
    ],
    "modifier": "F",
    "opcode": "DAT",
  },
  {
    "args": [
      {
        "mmode": "$",
        "value": 0,
      },
      {
        "mmode": "$",
        "value": 0,
      },
    ],
    "modifier": "F",
    "opcode": "DAT",
  },
  {
    "args": [
      {
        "mmode": "$",
        "value": 0,
      },
      {
        "mmode": "$",
        "value": 0,
      },
    ],
    "modifier": "F",
    "opcode": "DAT",
  },
  {
    "args": [
      {
        "mmode": "$",
        "value": 0,
      },
      {
        "mmode": "$",
        "value": 0,
      },
    ],
    "modifier": "F",
    "opcode": "DAT",
  },
  {
    "args": [
      {
        "mmode": "$",
        "value": 0,
      },
      {
        "mmode": "$",
        "value": 0,
      },
    ],
    "modifier": "F",
    "opcode": "DAT",
  },
  {
    "args": [
      {
        "mmode": "$",
        "value": 0,
      },
      {
        "mmode": "$",
        "value": 0,
      },
    ],
    "modifier": "F",
    "opcode": "DAT",
  },
  {
    "args": [
      {
        "mmode": "$",
        "value": 0,
      },
      {
        "mmode": "$",
        "value": 0,
      },
    ],
    "modifier": "F",
    "opcode": "DAT",
  },
]
`;

exports[`parse all examples infinite.redcode - snapshot 1`] = `
[
  {
    "comment": null,
    "instruction": {
      "args": [
        {
          "mmode": null,
          "value": 45,
        },
        null,
      ],
      "modifier": null,
      "opcode": "JMP",
    },
  },
  {
    "comment": null,
    "instruction": {
      "args": null,
      "modifier": null,
      "opcode": "DAT",
    },
  },
]
`;

exports[`parse all examples infinite.redcode - run 1`] = `5`;

exports[`parse all examples infinite.redcode - run 2`] = `
[
  {
    "instruction": {
      "args": [
        {
          "mmode": "$",
          "value": 45,
        },
        {
          "mmode": "$",
          "value": 0,
        },
      ],
      "modifier": "B",
      "opcode": "JMP",
    },
    "pc": 0,
  },
  {
    "instruction": {
      "args": [
        {
          "mmode": "$",
          "value": 0,
        },
        {
          "mmode": "$",
          "value": 0,
        },
      ],
      "modifier": "F",
      "opcode": "DAT",
    },
    "pc": 5,
  },
]
`;

exports[`parse all examples infinite.redcode - run 3`] = `
[
  {
    "args": [
      {
        "mmode": "$",
        "value": 45,
      },
      {
        "mmode": "$",
        "value": 0,
      },
    ],
    "modifier": "B",
    "opcode": "JMP",
  },
  {
    "args": [
      {
        "mmode": "$",
        "value": 0,
      },
      {
        "mmode": "$",
        "value": 0,
      },
    ],
    "modifier": "F",
    "opcode": "DAT",
  },
  {
    "args": [
      {
        "mmode": "$",
        "value": 0,
      },
      {
        "mmode": "$",
        "value": 0,
      },
    ],
    "modifier": "F",
    "opcode": "DAT",
  },
  {
    "args": [
      {
        "mmode": "$",
        "value": 0,
      },
      {
        "mmode": "$",
        "value": 0,
      },
    ],
    "modifier": "F",
    "opcode": "DAT",
  },
  {
    "args": [
      {
        "mmode": "$",
        "value": 0,
      },
      {
        "mmode": "$",
        "value": 0,
      },
    ],
    "modifier": "F",
    "opcode": "DAT",
  },
  {
    "args": [
      {
        "mmode": "$",
        "value": 0,
      },
      {
        "mmode": "$",
        "value": 0,
      },
    ],
    "modifier": "F",
    "opcode": "DAT",
  },
  {
    "args": [
      {
        "mmode": "$",
        "value": 0,
      },
      {
        "mmode": "$",
        "value": 0,
      },
    ],
    "modifier": "F",
    "opcode": "DAT",
  },
  {
    "args": [
      {
        "mmode": "$",
        "value": 0,
      },
      {
        "mmode": "$",
        "value": 0,
      },
    ],
    "modifier": "F",
    "opcode": "DAT",
  },
  {
    "args": [
      {
        "mmode": "$",
        "value": 0,
      },
      {
        "mmode": "$",
        "value": 0,
      },
    ],
    "modifier": "F",
    "opcode": "DAT",
  },
  {
    "args": [
      {
        "mmode": "$",
        "value": 0,
      },
      {
        "mmode": "$",
        "value": 0,
      },
    ],
    "modifier": "F",
    "opcode": "DAT",
  },
  {
    "args": [
      {
        "mmode": "$",
        "value": 0,
      },
      {
        "mmode": "$",
        "value": 0,
      },
    ],
    "modifier": "F",
    "opcode": "DAT",
  },
  {
    "args": [
      {
        "mmode": "$",
        "value": 0,
      },
      {
        "mmode": "$",
        "value": 0,
      },
    ],
    "modifier": "F",
    "opcode": "DAT",
  },
  {
    "args": [
      {
        "mmode": "$",
        "value": 0,
      },
      {
        "mmode": "$",
        "value": 0,
      },
    ],
    "modifier": "F",
    "opcode": "DAT",
  },
  {
    "args": [
      {
        "mmode": "$",
        "value": 0,
      },
      {
        "mmode": "$",
        "value": 0,
      },
    ],
    "modifier": "F",
    "opcode": "DAT",
  },
  {
    "args": [
      {
        "mmode": "$",
        "value": 0,
      },
      {
        "mmode": "$",
        "value": 0,
      },
    ],
    "modifier": "F",
    "opcode": "DAT",
  },
  {
    "args": [
      {
        "mmode": "$",
        "value": 0,
      },
      {
        "mmode": "$",
        "value": 0,
      },
    ],
    "modifier": "F",
    "opcode": "DAT",
  },
  {
    "args": [
      {
        "mmode": "$",
        "value": 0,
      },
      {
        "mmode": "$",
        "value": 0,
      },
    ],
    "modifier": "F",
    "opcode": "DAT",
  },
  {
    "args": [
      {
        "mmode": "$",
        "value": 0,
      },
      {
        "mmode": "$",
        "value": 0,
      },
    ],
    "modifier": "F",
    "opcode": "DAT",
  },
  {
    "args": [
      {
        "mmode": "$",
        "value": 0,
      },
      {
        "mmode": "$",
        "value": 0,
      },
    ],
    "modifier": "F",
    "opcode": "DAT",
  },
  {
    "args": [
      {
        "mmode": "$",
        "value": 0,
      },
      {
        "mmode": "$",
        "value": 0,
      },
    ],
    "modifier": "F",
    "opcode": "DAT",
  },
  {
    "args": [
      {
        "mmode": "$",
        "value": 0,
      },
      {
        "mmode": "$",
        "value": 0,
      },
    ],
    "modifier": "F",
    "opcode": "DAT",
  },
  {
    "args": [
      {
        "mmode": "$",
        "value": 0,
      },
      {
        "mmode": "$",
        "value": 0,
      },
    ],
    "modifier": "F",
    "opcode": "DAT",
  },
  {
    "args": [
      {
        "mmode": "$",
        "value": 0,
      },
      {
        "mmode": "$",
        "value": 0,
      },
    ],
    "modifier": "F",
    "opcode": "DAT",
  },
  {
    "args": [
      {
        "mmode": "$",
        "value": 0,
      },
      {
        "mmode": "$",
        "value": 0,
      },
    ],
    "modifier": "F",
    "opcode": "DAT",
  },
  {
    "args": [
      {
        "mmode": "$",
        "value": 0,
      },
      {
        "mmode": "$",
        "value": 0,
      },
    ],
    "modifier": "F",
    "opcode": "DAT",
  },
  {
    "args": [
      {
        "mmode": "$",
        "value": 0,
      },
      {
        "mmode": "$",
        "value": 0,
      },
    ],
    "modifier": "F",
    "opcode": "DAT",
  },
  {
    "args": [
      {
        "mmode": "$",
        "value": 0,
      },
      {
        "mmode": "$",
        "value": 0,
      },
    ],
    "modifier": "F",
    "opcode": "DAT",
  },
  {
    "args": [
      {
        "mmode": "$",
        "value": 0,
      },
      {
        "mmode": "$",
        "value": 0,
      },
    ],
    "modifier": "F",
    "opcode": "DAT",
  },
  {
    "args": [
      {
        "mmode": "$",
        "value": 0,
      },
      {
        "mmode": "$",
        "value": 0,
      },
    ],
    "modifier": "F",
    "opcode": "DAT",
  },
  {
    "args": [
      {
        "mmode": "$",
        "value": 0,
      },
      {
        "mmode": "$",
        "value": 0,
      },
    ],
    "modifier": "F",
    "opcode": "DAT",
  },
  {
    "args": [
      {
        "mmode": "$",
        "value": 0,
      },
      {
        "mmode": "$",
        "value": 0,
      },
    ],
    "modifier": "F",
    "opcode": "DAT",
  },
  {
    "args": [
      {
        "mmode": "$",
        "value": 0,
      },
      {
        "mmode": "$",
        "value": 0,
      },
    ],
    "modifier": "F",
    "opcode": "DAT",
  },
  {
    "args": [
      {
        "mmode": "$",
        "value": 0,
      },
      {
        "mmode": "$",
        "value": 0,
      },
    ],
    "modifier": "F",
    "opcode": "DAT",
  },
  {
    "args": [
      {
        "mmode": "$",
        "value": 0,
      },
      {
        "mmode": "$",
        "value": 0,
      },
    ],
    "modifier": "F",
    "opcode": "DAT",
  },
  {
    "args": [
      {
        "mmode": "$",
        "value": 0,
      },
      {
        "mmode": "$",
        "value": 0,
      },
    ],
    "modifier": "F",
    "opcode": "DAT",
  },
  {
    "args": [
      {
        "mmode": "$",
        "value": 0,
      },
      {
        "mmode": "$",
        "value": 0,
      },
    ],
    "modifier": "F",
    "opcode": "DAT",
  },
  {
    "args": [
      {
        "mmode": "$",
        "value": 0,
      },
      {
        "mmode": "$",
        "value": 0,
      },
    ],
    "modifier": "F",
    "opcode": "DAT",
  },
  {
    "args": [
      {
        "mmode": "$",
        "value": 0,
      },
      {
        "mmode": "$",
        "value": 0,
      },
    ],
    "modifier": "F",
    "opcode": "DAT",
  },
  {
    "args": [
      {
        "mmode": "$",
        "value": 0,
      },
      {
        "mmode": "$",
        "value": 0,
      },
    ],
    "modifier": "F",
    "opcode": "DAT",
  },
  {
    "args": [
      {
        "mmode": "$",
        "value": 0,
      },
      {
        "mmode": "$",
        "value": 0,
      },
    ],
    "modifier": "F",
    "opcode": "DAT",
  },
]
`;
